{ VARIABLE, line 1, .name = PORTNAME, .modifier = =, .words = { llvm90 } }
{ FOR, line 2, .indent = 3, .bindings = { option, a }, .words = { CLANG, COMPILER_RT, EXTRAS, LLD, LLDB, OPENMP } }
	{ VARIABLE, line 3, .name = WRKSRC_${option:tl}_$a, .modifier = =, .words = { ${WRKDIR}/${${option}_DISTFILES} } }
{ VARIABLE, line 5, .name = FOO, .modifier = =, .words = { meh } }
{ COMMENT, line 6, .comment =  }
{ INCLUDE/BMAKE, line 7, .indent = 1, .path = bsd.port.mk, .sys = 1, .loaded = 0 }
